// Vitest Snapshot v1, https://vitest.dev/guide/snapshot.html

exports[`Character > renders correctly 1`] = `
"<article class=\\"w-full xl:w-1/4 p-4\\">
  <div class=\\"bg-white rounded-lg shadow-lg\\">
    <div class=\\"h-64 rounded-t-lg flex justify-center\\"><img src=\\"https://rickandmortyapi.com/api/character/avatar/1.jpeg\\"></div>
    <div class=\\"p-4 xl:text-left text-center\\">
      <h2 class=\\"text-2xl font-bold\\">Rick Sanchez</h2>
      <p class=\\"text-gray-600\\">Human Â· Alive</p>
    </div>
  </div>
</article>"
`;
